// Jest Snapshot v1, https://goo.gl/fbAQLP

exports[`Header component snapshot Header default 1`] = `
<header
  className="MuiPaper-root-10 MuiPaper-elevation4-16 MuiAppBar-root-1 MuiAppBar-positionStatic-5 MuiAppBar-colorPrimary-8"
>
  <div
    className="MuiToolbar-root-37 MuiToolbar-regular-39 MuiToolbar-gutters-38 header__toolbar"
  >
    <h2
      className="MuiTypography-root-41 MuiTypography-title-47 MuiTypography-colorInherit-61 MuiTypography-noWrap-58"
    >
      Relay Shop
    </h2>
    <div>
      <small>
        R$ NaN
      </small>
      <button
        className="MuiButtonBase-root-73 MuiIconButton-root-67 MuiIconButton-colorInherit-68"
        disabled={false}
        onBlur={[Function]}
        onClick={[Function]}
        onFocus={[Function]}
        onKeyDown={[Function]}
        onKeyUp={[Function]}
        onMouseDown={[Function]}
        onMouseLeave={[Function]}
        onMouseUp={[Function]}
        onTouchEnd={[Function]}
        onTouchMove={[Function]}
        onTouchStart={[Function]}
        tabIndex="0"
        type="button"
      >
        <span
          className="MuiIconButton-label-72"
        >
          <span
            className="MuiBadge-root-76"
          >
            <svg
              aria-hidden="true"
              className="MuiSvgIcon-root-81"
              focusable="false"
              role="presentation"
              viewBox="0 0 24 24"
            >
              <path
                d="M7 18c-1.1 0-1.99.9-1.99 2S5.9 22 7 22s2-.9 2-2-.9-2-2-2zM1 2v2h2l3.6 7.59-1.35 2.45c-.16.28-.25.61-.25.96 0 1.1.9 2 2 2h12v-2H7.42c-.14 0-.25-.11-.25-.25l.03-.12.9-1.63h7.45c.75 0 1.41-.41 1.75-1.03l3.58-6.49c.08-.14.12-.31.12-.48 0-.55-.45-1-1-1H5.21l-.94-2H1zm16 16c-1.1 0-1.99.9-1.99 2s.89 2 1.99 2 2-.9 2-2-.9-2-2-2z"
              />
              <path
                d="M0 0h24v24H0z"
                fill="none"
              />
            </svg>
            <span
              className="MuiBadge-badge-77 MuiBadge-colorSecondary-79"
            >
              3
            </span>
          </span>
        </span>
        <span
          className="MuiTouchRipple-root-90"
        />
      </button>
      <div
        className="mini-cart--hidden"
      >
        <div
          className="mini-cart__overlay"
          onClick={[Function]}
        />
        <div
          className="mini-cart"
        >
          <div
            className="mini-cart__header"
          >
            carrinho
          </div>
          <div
            className="mini-cart__section"
          >
            <ul
              className="mini-cart__items"
            >
              <li
                className="mini-cart__item"
              >
                <span
                  className="mini-cart__item__remove"
                  onClick={[Function]}
                >
                  X
                </span>
                <img
                  className="mini-cart__item__img"
                  src="/imgs/undefined"
                />
                <span
                  className="mini-cart__item__middle"
                >
                  <h5
                    className="mini-cart__item__name"
                  />
                  <small
                    className="mini-cart__item__qty"
                  >
                    Quantidade: 
                    1
                  </small>
                  <span
                    className="mini-cart__change-qty"
                  >
                    <span
                      onClick={[Function]}
                    >
                      aumentar
                    </span>
                    <span
                      onClick={[Function]}
                    >
                      diminuir
                    </span>
                  </span>
                </span>
                <strong
                  className="mini-cart__item__total"
                >
                  R$ 
                  NaN
                </strong>
              </li>
              <li
                className="mini-cart__item"
              >
                <span
                  className="mini-cart__item__remove"
                  onClick={[Function]}
                >
                  X
                </span>
                <img
                  className="mini-cart__item__img"
                  src="/imgs/undefined"
                />
                <span
                  className="mini-cart__item__middle"
                >
                  <h5
                    className="mini-cart__item__name"
                  />
                  <small
                    className="mini-cart__item__qty"
                  >
                    Quantidade: 
                    1
                  </small>
                  <span
                    className="mini-cart__change-qty"
                  >
                    <span
                      onClick={[Function]}
                    >
                      aumentar
                    </span>
                    <span
                      onClick={[Function]}
                    >
                      diminuir
                    </span>
                  </span>
                </span>
                <strong
                  className="mini-cart__item__total"
                >
                  R$ 
                  NaN
                </strong>
              </li>
              <li
                className="mini-cart__item"
              >
                <span
                  className="mini-cart__item__remove"
                  onClick={[Function]}
                >
                  X
                </span>
                <img
                  className="mini-cart__item__img"
                  src="/imgs/undefined"
                />
                <span
                  className="mini-cart__item__middle"
                >
                  <h5
                    className="mini-cart__item__name"
                  />
                  <small
                    className="mini-cart__item__qty"
                  >
                    Quantidade: 
                    1
                  </small>
                  <span
                    className="mini-cart__change-qty"
                  >
                    <span
                      onClick={[Function]}
                    >
                      aumentar
                    </span>
                    <span
                      onClick={[Function]}
                    >
                      diminuir
                    </span>
                  </span>
                </span>
                <strong
                  className="mini-cart__item__total"
                >
                  R$ 
                  NaN
                </strong>
              </li>
            </ul>
          </div>
          <div
            className="mini-cart__footer"
          >
            total R$ 
            R$ NaN
          </div>
        </div>
      </div>
    </div>
  </div>
</header>
`;
