// Jest Snapshot v1, https://goo.gl/fbAQLP

exports[`MiniCart component snapshot MiniCart default 1`] = `
<div
  className="mini-cart--hidden"
>
  <div
    className="mini-cart__overlay"
  />
  <div
    className="mini-cart"
  >
    <div
      className="mini-cart__header"
    >
      carrinho
    </div>
    <div
      className="mini-cart__section"
    >
      <ul
        className="mini-cart__items"
      >
        <li
          className="mini-cart__item"
        >
          <span
            className="mini-cart__item__remove"
            onClick={[Function]}
          >
            X
          </span>
          <img
            className="mini-cart__item__img"
            src="/imgs/a.png"
          />
          <span
            className="mini-cart__item__middle"
          >
            <h5
              className="mini-cart__item__name"
            >
              item a
            </h5>
            <small
              className="mini-cart__item__qty"
            >
              Quantidade:
              <span
                className="mini-cart__change-qty"
              >
                <span
                  onClick={[Function]}
                >
                  -
                </span>
                <input
                  type="text"
                />
                <span
                  onClick={[Function]}
                >
                  +
                </span>
              </span>
            </small>
          </span>
          <strong
            className="mini-cart__item__total"
          >
            R$ 
            NaN
          </strong>
        </li>
        <li
          className="mini-cart__item"
        >
          <span
            className="mini-cart__item__remove"
            onClick={[Function]}
          >
            X
          </span>
          <img
            className="mini-cart__item__img"
            src="/imgs/b.png"
          />
          <span
            className="mini-cart__item__middle"
          >
            <h5
              className="mini-cart__item__name"
            >
              item b
            </h5>
            <small
              className="mini-cart__item__qty"
            >
              Quantidade:
              <span
                className="mini-cart__change-qty"
              >
                <span
                  onClick={[Function]}
                >
                  -
                </span>
                <input
                  type="text"
                />
                <span
                  onClick={[Function]}
                >
                  +
                </span>
              </span>
            </small>
          </span>
          <strong
            className="mini-cart__item__total"
          >
            R$ 
            NaN
          </strong>
        </li>
        <li
          className="mini-cart__item"
        >
          <span
            className="mini-cart__item__remove"
            onClick={[Function]}
          >
            X
          </span>
          <img
            className="mini-cart__item__img"
            src="/imgs/c.png"
          />
          <span
            className="mini-cart__item__middle"
          >
            <h5
              className="mini-cart__item__name"
            >
              item c
            </h5>
            <small
              className="mini-cart__item__qty"
            >
              Quantidade:
              <span
                className="mini-cart__change-qty"
              >
                <span
                  onClick={[Function]}
                >
                  -
                </span>
                <input
                  type="text"
                />
                <span
                  onClick={[Function]}
                >
                  +
                </span>
              </span>
            </small>
          </span>
          <strong
            className="mini-cart__item__total"
          >
            R$ 
            NaN
          </strong>
        </li>
      </ul>
    </div>
    <div
      className="mini-cart__footer"
    >
      total R$ 
    </div>
  </div>
</div>
`;
