// Jest Snapshot v1, https://goo.gl/fbAQLP

exports[`Product component snapshot Product default 1`] = `
<div
  className="MuiPaper-root-2 MuiPaper-elevation1-5 MuiPaper-rounded-3 MuiCard-root-1 card"
>
  <div
    className="MuiCardMedia-root-29 card__media"
    style={
      Object {
        "backgroundImage": "url(\\"/imgs/a.png\\")",
      }
    }
    title="Contemplative Reptile"
  />
  <div
    className="MuiCardContent-root-31"
  >
    <h3
      className="MuiTypography-root-32 MuiTypography-subheading-39 MuiTypography-gutterBottom-50 card__title"
    >
      item a
    </h3>
    <p
      className="MuiTypography-root-32 MuiTypography-body1-41"
    >
      R$ 
      11.00
       - 
      1
    </p>
  </div>
  <div
    className="MuiCardActions-root-58"
  >
    <button
      className="MuiButtonBase-root-86 MuiButton-root-60 MuiButton-contained-71 MuiButton-containedPrimary-72 MuiButton-raised-74 MuiButton-raisedPrimary-75 MuiCardActions-action-59"
      disabled={false}
      onBlur={[Function]}
      onClick={[Function]}
      onFocus={[Function]}
      onKeyDown={[Function]}
      onKeyUp={[Function]}
      onMouseDown={[Function]}
      onMouseLeave={[Function]}
      onMouseUp={[Function]}
      onTouchEnd={[Function]}
      onTouchMove={[Function]}
      onTouchStart={[Function]}
      tabIndex="0"
      type="button"
    >
      <span
        className="MuiButton-label-61"
      >
        Comprar
      </span>
      <span
        className="MuiTouchRipple-root-89"
      />
    </button>
  </div>
</div>
`;
